Script started on 2020-04-09 11:27:34-0700
posavan@cf418-15:~$ [Kposavan@cf418-15:~$ mkdir scsi241[K[K[K[K[K[K[Kcsci241
posavan@cf418-15:~$ cd csci21[K4[K[K24[K[K[Ki241
posavan@cf418-15:~/csci241$ ls
posavan@cf418-15:~/csci241$ git[K[K[Kgit clone ^V[Khttps://github.com/csci241-20s/lab-1-posavatz.git
Cloning into 'lab-1-posavatz'...
remote: Enumerating objects: 14, done.[K
remote: Counting objects:   7% (1/14)[Kremote: Counting objects:  14% (2/14)[Kremote: Counting objects:  21% (3/14)[Kremote: Counting objects:  28% (4/14)[Kremote: Counting objects:  35% (5/14)[Kremote: Counting objects:  42% (6/14)[Kremote: Counting objects:  50% (7/14)[Kremote: Counting objects:  57% (8/14)[Kremote: Counting objects:  64% (9/14)[Kremote: Counting objects:  71% (10/14)[Kremote: Counting objects:  78% (11/14)[Kremote: Counting objects:  85% (12/14)[Kremote: Counting objects:  92% (13/14)[Kremote: Counting objects: 100% (14/14)[Kremote: Counting objects: 100% (14/14), done.[K
remote: Compressing objects:  12% (1/8)[Kremote: Compressing objects:  25% (2/8)[Kremote: Compressing objects:  37% (3/8)[Kremote: Compressing objects:  50% (4/8)[Kremote: Compressing objects:  62% (5/8)[Kremote: Compressing objects:  75% (6/8)[Kremote: Compressing objects:  87% (7/8)[Kremote: Compressing objects: 100% (8/8)[Kremote: Compressing objects: 100% (8/8), done.[K
remote: Total 14 (delta 2), reused 0 (delta 0), pack-reused 0[K
Unpacking objects:   7% (1/14)   Unpacking objects:  14% (2/14)   Unpacking objects:  21% (3/14)   Unpacking objects:  28% (4/14)   Unpacking objects:  35% (5/14)   Unpacking objects:  42% (6/14)   Unpacking objects:  50% (7/14)   Unpacking objects:  57% (8/14)   Unpacking objects:  64% (9/14)   Unpacking objects:  71% (10/14)   Unpacking objects:  78% (11/14)   Unpacking objects:  85% (12/14)   Unpacking objects:  92% (13/14)   Unpacking objects: 100% (14/14)   Unpacking objects: 100% (14/14), done.
posavan@cf418-15:~/csci241$ ls
lab-1-posavatz
posavan@cf418-15:~/csci241$ git status
On branch master

No commits yet

Untracked files:
  (use "git add <file>..." to include in what will be committed)

	[31m../#mredauto#3#[m
	[31m../.ICEauthority[m
	[31m../.Xauthority[m
	[31m../.atom/[m
	[31m../.bash_history[m
	[31m../.byobu/[m
	[31m../.cache/[m
	[31m../.compiz/[m
	[31m../.config/[m
	[31m../.dmrc[m
	[31m../.emacs.d/[m
	[31m../.gitconfig[m
	[31m../.gnupg/[m
	[31m../.lesshst[m
	[31m../.local/[m
	[31m../.mozilla/[m
	[31m../.nv/[m
	[31m../.pki/[m
	[31m../.racket/[m
	[31m../.rstudio-desktop/[m
	[31m../.ssh/[m
	[31m../.subversion/[m
	[31m../.thunderbird/[m
	[31m../.viminfo[m
	[31m../.vscode/[m
	[31m../.winfolders/[m
	[31m../.winprofile/[m
	[31m../.xsession-errors[m
	[31m../Desktop/[m
	[31m../Documents/[m
	[31m../Downloads/[m
	[31m../Music/[m
	[31m../Pictures/[m
	[31m../Videos/[m
	[31m./[m
	[31m../csci247/[m
	[31m../snap/[m
	[31m../typescript[m

nothing added to commit but untracked files present (use "git add" to track)
posavan@cf418-15:~/csci241$ git config --global user.name Nikolai Posavtaz[K[K[K[Kvatz
posavan@cf418-15:~/csci241$ git config --global user.email posavn@wwu.edu[K[K[K[K[K[K[K[K[Kan@wwu.edu
posavan@cf418-15:~/csci241$ [Kposavan@cf418-15:~/csci241$ [Kposavan@cf418-15:~/csci241$ touch writeup.txt
posavan@cf418-15:~/csci241$ got[K[Kit add a[Kwriteup.txt
posavan@cf418-15:~/csci241$ git commit -m "Added empty writeup"
[master (root-commit) 92e01cb] Added empty writeup
 1 file changed, 0 insertions(+), 0 deletions(-)
 create mode 100644 csci241/writeup.txt
posavan@cf418-15:~/csci241$ ttps://github.com/csci241-20s/lab-1-posavatz.gith[K[C[C[C[C[C[C[C[C[C[C[C[C[C[C[C[C[C[C[C[C[C[C[C[C[C[C[C[Chttps://github.com/csci241-20s/lab-1-posavatz.git[C[C[C[C[C[C[C[C[C[C[C[C[C[C[C[C[C[C[C[C[C[C[C[C[C[C[C[C[C
bash: https://github.com/csci241-20s/lab-1-posavatz.git: No such file or directory
posavan@cf418-15:~/csci241$ git push
fatal: No configured push destination.
Either specify the URL from the command-line or configure a remote repository using

    git remote add <name> <url>

and then push using the remote name

    git push <name>

posavan@cf418-15:~/csci241$ git push[K[K[K[Kstatus
On branch master
Untracked files:
  (use "git add <file>..." to include in what will be committed)

	[31m../#mredauto#3#[m
	[31m../.ICEauthority[m
	[31m../.Xauthority[m
	[31m../.atom/[m
	[31m../.bash_history[m
	[31m../.byobu/[m
	[31m../.cache/[m
	[31m../.compiz/[m
	[31m../.config/[m
	[31m../.dmrc[m
	[31m../.emacs.d/[m
	[31m../.gitconfig[m
	[31m../.gnupg/[m
	[31m../.lesshst[m
	[31m../.local/[m
	[31m../.mozilla/[m
	[31m../.nv/[m
	[31m../.pki/[m
	[31m../.racket/[m
	[31m../.rstudio-desktop/[m
	[31m../.ssh/[m
	[31m../.subversion/[m
	[31m../.thunderbird/[m
	[31m../.viminfo[m
	[31m../.vscode/[m
	[31m../.winfolders/[m
	[31m../.winprofile/[m
	[31m../.xsession-errors[m
	[31m../Desktop/[m
	[31m../Documents/[m
	[31m../Downloads/[m
	[31m../Music/[m
	[31m../Pictures/[m
	[31m../Videos/[m
	[31mlab-1-posavatz/[m
	[31m../csci247/[m
	[31m../snap/[m
	[31m../typescript[m

nothing added to commit but untracked files present (use "git add" to track)
posavan@cf418-15:~/csci241$ git push origin master
fatal: 'origin' does not appear to be a git repository
fatal: Could not read from remote repository.

Please make sure you have the correct access rights
and the repository exists.
posavan@cf418-15:~/csci241$ touch writeup.txt
posavan@cf418-15:~/csci241$ touch writeup.txtgit push origin master[12Pstatus[2Ppushhttps://github.com/csci241-20s/lab-1-posavatz.git[C[C[C[C[C[C[C[C[C[C[C[C[C[C[C[C[C[C[C[C[C[C[C[C[C[C[C[C[14Pgit commit -m "Added empty writeup"[16Padd writeup.txt[2Ptouch[C[C[C[C[C[C[C[C[C[C[C[C[2@git add[C[C[C[C[C[C[C[C[C[C[C[C
posavan@cf418-15:~/csci241$ git add writeup.txt[2Ptouch[C[C[C[C[C[C[C[C[C[C[C[Cgit push origin master[12Pstatus[2Ppushhttps://github.com/csci241-20s/lab-1-posavatz.git[C[C[C[C[C[C[C[C[C[C[C[C[C[C[C[C[C[C[C[C[C[C[C[C[C[C[C[C[14Pgit commit -m "Added empty writeup"
On branch master
Untracked files:
	[31m../#mredauto#3#[m
	[31m../.ICEauthority[m
	[31m../.Xauthority[m
	[31m../.atom/[m
	[31m../.bash_history[m
	[31m../.byobu/[m
	[31m../.cache/[m
	[31m../.compiz/[m
	[31m../.config/[m
	[31m../.dmrc[m
	[31m../.emacs.d/[m
	[31m../.gitconfig[m
	[31m../.gnupg/[m
	[31m../.lesshst[m
	[31m../.local/[m
	[31m../.mozilla/[m
	[31m../.nv/[m
	[31m../.pki/[m
	[31m../.racket/[m
	[31m../.rstudio-desktop/[m
	[31m../.ssh/[m
	[31m../.subversion/[m
	[31m../.thunderbird/[m
	[31m../.viminfo[m
	[31m../.vscode/[m
	[31m../.winfolders/[m
	[31m../.winprofile/[m
	[31m../.xsession-errors[m
	[31m../Desktop/[m
	[31m../Documents/[m
	[31m../Downloads/[m
	[31m../Music/[m
	[31m../Pictures/[m
	[31m../Videos/[m
	[31mlab-1-posavatz/[m
	[31m../csci247/[m
	[31m../snap/[m
	[31m../typescript[m

nothing added to commit but untracked files present
posavan@cf418-15:~/csci241$ git commit -m "Added empty writeup"[16Padd writeup.txt[2Ptouch[C[C[C[C[C[C[C[C[C[C[C[Cgit push origin master[12Pstatus[2Ppush
fatal: No configured push destination.
Either specify the URL from the command-line or configure a remote repository using

    git remote add <name> <url>

and then push using the remote name

    git push <name>

posavan@cf418-15:~Script started on 2020-04-09 14:38:01-0700
posavan@cf164-16:~$ ls
 csci241   Desktop     Downloads       Music	  Public   snap        typescript
 csci247   Documents  '#mredauto#3#'   Pictures   R	   Templates   Videos
posavan@cf164-16:~$ cd csci241/
lab-1-posavatz/ .#writeup.txt   
posavan@cf164-16:~$ cd csci241/lab-1-posavatz/
posavan@cf164-16:~/csci241/lab-1-posavatz$ ls
build  build.gradle  gradle  settings.gradle  src  typescript  username.txt  writeup.txt
posavan@cf164-16:~/csci241/lab-1-posavatz$ rm typescript 
posavan@cf164-16:~/csci241/lab-1-posavatz$ nano src/main/java/lab1/h[KHello.java 
[?1049h[22;0;0t[1;50r(B[m[4l[?7h[39;49m[?1h=[?1h=[?1h=[?25l[39;49m(B[m[H[2J[48;53H(B[0;7m[ Reading File ](B[m[48;59H(B[0;7m 7 lines ](B[m[H(B[0;7m  GNU nano 2.9.3                                src/main/java/lab1/Hello.java                                           [1;119H(B[m[49d(B[0;7m^G(B[m Get Help    (B[0;7m^O(B[m Write Out   (B[0;7m^W(B[m Where Is    (B[0;7m^K(B[m Cut Text    (B[0;7m^J(B[m Justify     (B[0;7m^C(B[m Cur Pos     (B[0;7mM-U(B[m Undo[106G(B[0;7mM-A(B[m Mark Text[50d(B[0;7m^X(B[m Exit[50;16H(B[0;7m^R(B[m Read File   (B[0;7m^\(B[m Replace     (B[0;7m^U(B[m Uncut Text  (B[0;7m^T(B[m To Spell    (B[0;7m^_(B[m Go To Line  (B[0;7mM-E(B[m Redo[106G(B[0;7mM-6(B[m Copy Text[48d[3d[39;49m[36mpackage[39m(B[m lab1;[5d[36mpublic[39m(B[m [36mclass[39m(B[m Hello {[6;3H[36mpublic[39m(B[m [36mstatic[39m(B[m [32mvoid[39m(B[m main(String[] args) {[7;5HSystem.out.println();[8;3H}[9d}[3d[?12l[?25h[?25l[1;111H(B[0;7mModified(B[m[3dapackage lab1;a[?12l[?25h[?25lrpackage lab1;ar[?12l[?25h[?25lgpackage lab1;arg[?12l[?25h[?25lspackage lab1;[5G[?12l[?25h[?25l[1P[?12l[?25h[?25l[1P[?12l[?25h[?25l[1P[?12l[?25h[?25l[36mpackage[39m(B[m[1P[?12l[?25h[?25l[4d[?12l[?25h[?25l[5d[?12l[?25h[?25l[6d[?12l[?25h[?25l[7d[?12l[?25h[?25l [?12l[?25h[?25l [?12l[?25h[?25l [?12l[?25h[?25l [?12l[?25h[?25lS[?12l[?25h[?25ly[?12l[?25h[?25ls[?12l[?25h[?25lt[?12l[?25h[?25le[?12l[?25h[?25lm[?12l[?25h[?25l.[?12l[?25h[?25lo[?12l[?25h[?25lu[?12l[?25h[?25l[48d[K[7;15H[?12l[?25h[?25l.[?12l[?25h[?25lp[?12l[?25h[?25lr[?12l[?25h[?25li[?12l[?25h[?25ln[?12l[?25h[?25lt[?12l[?25h[?25ll[?12l[?25h[?25ln[?12l[?25h[?25l([?12l[?25h[?25la);[?12l[?25h[?25lr);[?12l[?25h[?25lg);[?12l[?25h[?25ls);[?12l[?25h[?25l[);[?12l[?25h[?25l0);[?12l[?25h[?25l]);[?12l[?25h[?25l[1;119H[1;111H(B[0;7m        (B[m[48;52H(B[0;7m[ Wrote 7 lines ](B[m[7;31H[?12l[?25h[?25l[48d[J[50;120H[?12l[?25h[50;1H[?1049l[23;0;0t[?1l>posavan@cf164-16:~/csci241/lab-1-posavatz$ com[K[K[Kgradk[Ke[Kle build


[2A[1m<[0;1m-------------> 0% EXECUTING [83ms][m[35D[1B[1m> :compileJava[m[14D[1B[2A[1m<[0;32;1m====[0;39;1m---------> 35% EXECUTING [183ms][m[37D[1B[1m> :distTar[m[0K[10D[1B[2A[1m<[0;32;1m=====[0;39;1m--------> 42% EXECUTING [283ms][m[37D[1B[1m> :distZip[m[10D[1B[2A[1m<[0;32;1m=====[0;39;1m--------> 42% EXECUTING [383ms][m[37D[2B[2A[0K
[32;1mBUILD SUCCESSFUL[0;39m in 740ms
5 actionable tasks: 4 executed, 1 up-to-date
[0K
[0K
[2A[1m<[0;1m-------------> 0% WAITING[m[26D[1B[1m> :distZip[m[10D[1B[2A[2K[1B[2K[1A[0m[?12l[?25hposavan@cf164-16:~/csci241/lab-1-posavatz$ gradle run


[1A[1m> Connecting to Daemon[m[22D[1B[2A[1m<[0;32;1m=========[0;39;1m----> 75% EXECUTING [74ms][m[36D[1B[1m> :run[m[0K[6D[1B[2A[0K
[31;1m> Task :run[0;39m[31m FAILED[39m
Exception in thread "main" java.lang.ArrayIndexOutOfBoundsException: Index 0 out of bounds for length 0
        at lab1.Hello.main(Hello.java:5)

[31mFAILURE: [39m[31mBuild failed with an exception.[39m

* What went wrong:
Execution failed for task ':run'.
[33m> [39mProcess 'command '/usr/lib/jvm/java-11-openjdk-amd64/bin/java'' finished with non-zero exit value 1

* Try:
Run with [1m--stacktrace[m option to get the stack trace. Run with [1m--info[m or [1m--debug[m option to get more log output. Run with [1m--scan[m to get full insights.

* Get more help at [1mhttps://help.gradle.org[m

[31;1mBUILD FAILED[0;39m in 399ms
2 actionable tasks: 1 executed, 1 up-to-date
[0K
[0K
[2A[1m<[0;1m-------------> 0% WAITING[m[26D[1B[1m> :run[m[6D[1B[2A[2K[1B[2K[1A[0m[?12l[?25hposavan@cf164-16:~/csci241/lab-1-posavatz$ gradle run --args="your agrs here"

[1A
[1m> Task :run[m
your

[32;1mBUILD SUCCESSFUL[0;39m in 390ms
2 actionable tasks: 1 executed, 1 up-to-date

[1A[1m<[0;1m-------------> 0% WAITING[m[26D[1B[1A[2K[0m[?12l[?25hposavan@cf164-16:~/csci241/lab-1-posavatz$ $ gradle run --args="241"
$: command not found
posavan@cf164-16:~/csci241/lab-1-posavatz$ $ gradle run --args="241"[1P[1P


[1A[1m> Connecting to Daemon[m[22D[1B[2A[1m<[0;32;1m=========[0;39;1m----> 75% EXECUTING [73ms][m[36D[1B[1m> :run[m[0K[6D[1B[2A[0K
[1m> Task :run[m
241

[32;1mBUILD SUCCESSFUL[0;39m in 406ms
2 actionable tasks: 1 executed, 1 up-to-date
[0K
[0K
[2A[1m<[0;1m-------------> 0% WAITING[m[26D[1B[1m> :run[m[6D[1B[2A[2K[1B[2K[1A[0m[?12l[?25hposavan@cf164-16:~/csci241/lab-1-posavatz$ nano gradle run --args="241"[2@$ [C[C[C[C[C[C[C[C[C[C[C[C[C[C[C[C[C[C[C[C[C[C[Cgradle run --args="your agrs here"[Kbuildnano src/main/java/lab1/Hello.java [21Prm typescript[C[21@nano src/main/java/lab1/Hello.java[C
[?1049h[22;0;0t[1;50r(B[m[4l[?7h[39;49m[?1h=[?1h=[?1h=[?25l[39;49m(B[m[H[2J[48;53H(B[0;7m[ Reading File ](B[m[48;59H(B[0;7m 7 lines ](B[m[H(B[0;7m  GNU nano 2.9.3                                src/main/java/lab1/Hello.java                                           [1;119H(B[m[49d(B[0;7m^G(B[m Get Help    (B[0;7m^O(B[m Write Out   (B[0;7m^W(B[m Where Is    (B[0;7m^K(B[m Cut Text    (B[0;7m^J(B[m Justify     (B[0;7m^C(B[m Cur Pos     (B[0;7mM-U(B[m Undo[106G(B[0;7mM-A(B[m Mark Text[50d(B[0;7m^X(B[m Exit[50;16H(B[0;7m^R(B[m Read File   (B[0;7m^\(B[m Replace     (B[0;7m^U(B[m Uncut Text  (B[0;7m^T(B[m To Spell    (B[0;7m^_(B[m Go To Line  (B[0;7mM-E(B[m Redo[106G(B[0;7mM-6(B[m Copy Text[48d[3d[39;49m[36mpackage[39m(B[m lab1;[5d[36mpublic[39m(B[m [36mclass[39m(B[m Hello {[6;3H[36mpublic[39m(B[m [36mstatic[39m(B[m [32mvoid[39m(B[m main(String[] args) {[7;5HSystem.out.println(args[0]);[8;3H}[9d}[3d[?12l[?25h[?25l[4d[?12l[?25h[?25l[5d[?12l[?25h[?25l[6d[?12l[?25h[?25l[7d[?12l[?25h[?25l[8d[?12l[?25h[?25l [?12l[?25h[?25l [?12l[?25h[?25l}[?12l[?25h[?25l[9d[?12l[?25h[?25l}[?12l[?25h[?25l[10d[?12l[?25h[?25l[?12l[?25h[?25l[?12l[?25h[?25l[?12l[?25h[?25l[?12l[?25h[?25l[?12l[?25h[?25l[?12l[?25h[?25l[?12l[?25h[?25l[?12l[?25h[?25l[?12l[?25h[?25l[?12l[?25h[?25l[A[?12l[?25h[?25l[A[?12l[?25h[?25l[A[?12l[?25h[?25l [?12l[?25h[?25l[48d[K[7d  [?12l[?25h[?25l [?12l[?25h[?25l [?12l[?25h[?25lS[?12l[?25h[?25ly[?12l[?25h[?25ls[?12l[?25h[?25lt[?12l[?25h[?25le[?12l[?25h[?25lm[?12l[?25h[?25l.[?12l[?25h[?25lo[?12l[?25h[?25lu[?12l[?25h[?25lt[?12l[?25h[?25l.[?12l[?25h[?25lp[?12l[?25h[?25lr[?12l[?25h[?25li[?12l[?25h[?25ln[?12l[?25h[?25lt[?12l[?25h[?25ll[?12l[?25h[?25ln[?12l[?25h[?25l([?12l[?25h[?25l[1;111H(B[0;7mModified(B[m[7;24HHargs[0]);[7;25H[?12l[?25h[?25l[1P[?12l[?25h[?25l"args[0]);[7;25H[?12l[?25h[?25lHargs[0]);[7;26H[?12l[?25h[?25leargs[0]);[7;27H[?12l[?25h[?25llargs[0]);[7;28H[?12l[?25h[?25lllargs[0]);[7;29H[?12l[?25h[?25loargs[0]);[7;30H[?12l[?25h[?25l,args[0]);[7;31H[?12l[?25h[?25l args[0]);[7;32H[?12l[?25h[?25la[?12l[?25h[?25lr[?12l[?25h[?25lg[?12l[?25h[?25ls[?12l[?25h[?25l[[?12l[?25h[?25l[?12l[?25h[?25l[?12l[?25h[?25l[?12l[?25h[?25l[?12l[?25h[?25l[?12l[?25h[?25l[7;24H[31m"Hello, "[39m(B[margs[0]);[7;33H[?12l[?25h[?25l+args[0]);[7;34H[?12l[?25h[?25la[?12l[?25h[?25lr[?12l[?25h[?25lg[?12l[?25h[?25ls[?12l[?25h[?25l[[?12l[?25h[?25l0[?12l[?25h[?25l][?12l[?25h[?25l+);[?12l[?25h[?25l");[?12l[?25h[?25l!);[?12l[?25h[?25l[31m"!"[39m(B[m);[?12l[?25h[?25l[1;119H[1;111H(B[0;7m        (B[m[48;52H(B[0;7m[ Wrote 7 lines ](B[m[7;45H[?12l[?25h[?25l[48d[J[50;120H[?12l[?25h[50;1H[?1049l[23;0;0t[?1l>posavan@cf164-16:~/csci241/lab-1-posavatz$ nano src/main/java/lab1/Hello.java [12Pgradle run --args="241"[2@$ [C[C[C[C[C[C[C[C[C[C[C[C[C[C[C[C[C[C[C[C[C[C[Cgradle run --args="your agrs here"[9P$ gradle run --args="241"gradle run --args="your agrs here"[9P$ gradle run --args="241"[2P[C[C[C[C[C[C[C[C[C[C[C[C[C[C[C[C[C[C[C[C[C[C[C[2@$ [C[C[C[C[C[C[C[C[C[C[C[C[C[C[C[C[C[C[C[C[C[C[Cgradle run --args="your agrs here"[Kbuild


[2A[1m<[0;1m-------------> 0% EXECUTING [88ms][m[35D[1B[1m> :compileJava[m[14D[1B[2A[1m<[0;32;1m====[0;39;1m---------> 35% EXECUTING [188ms][m[37D[1B[1m> :distTar[m[0K[10D[1B[2A[1m<[0;32;1m=====[0;39;1m--------> 42% EXECUTING [288ms][m[37D[1B[1m> :distZip[m[10D[1B[2A[0K
[32;1mBUILD SUCCESSFUL[0;39m in 692ms
5 actionable tasks: 4 executed, 1 up-to-date
[0K
[0K
[2A[1m<[0;1m-------------> 0% WAITING[m[26D[1B> IDLE[6D[1B[2A[2K[1B[2K[1A[0m[?12l[?25hposavan@cf164-16:~/csci241/lab-1-posavatz$ gradle run --args="241"


[1A[1m> Connecting to Daemon[m[22D[1B[2A[1m<[0;1m-------------> 0% EXECUTING [73ms][m[35D[1B[1m> :compileJava > Resolve files of :compileClasspath[m[51D[1B[2A[1m<[0;32;1m=========[0;39;1m----> 75% EXECUTING [173ms][m[37D[1B[1m> :run[m[0K[6D[1B[2A[0K
[1m> Task :run[m
Hello, 241!

[32;1mBUILD SUCCESSFUL[0;39m in 512ms
2 actionable tasks: 1 executed, 1 up-to-date
[0K
[0K
[2A[1m<[0;1m-------------> 0% WAITING[m[26D[1B[1m> :run[m[6D[1B[2A[2K[1B[2K[1A[0m[?12l[?25hposavan@cf164-16:~/csci241/lab-1-posavatz$ git add sre[K=[Kc/main/java/lab1/Hello.java 
posavan@cf164-16:~/csci241/lab-1-posavatz$ git commit -m "Hellow [K[K now prints command line ag[Krg"
[master 5df9aef] Hello now prints command line arg
 1 file changed, 1 insertion(+), 1 deletion(-)
posavan@cf164-16:~/csci241/lab-1-posavatz$ git push
Username for 'https://github.com': exi   posavatz
Password for 'https://posavatz@github.com': 
Counting objects: 7, done.
Delta compression using up to 8 threads.
Compressing objects:  33% (1/3)   Compressing objects:  66% (2/3)   Compressing objects: 100% (3/3)   Compressing objects: 100% (3/3), done.
Writing objects:  14% (1/7)   Writing objects:  28% (2/7)   Writing objects:  42% (3/7)   Writing objects:  57% (4/7)   Writing objects:  71% (5/7)   Writing objects:  85% (6/7)   Writing objects: 100% (7/7)   Writing objects: 100% (7/7), 489 bytes | 244.00 KiB/s, done.
Total 7 (delta 2), reused 0 (delta 0)
remote: Resolving deltas:   0% (0/2)[Kremote: Resolving deltas:  50% (1/2)[Kremote: Resolving deltas: 100% (2/2)[Kremote: Resolving deltas: 100% (2/2), completed with 2 local objects.[K
To https://github.com/csci241-20s/lab-1-posavatz.git
   3bfb02f..5df9aef  master -> master
posavan@cf164-16:~/csci241/lab-1-posavatz$ exit
exit

Script done on 2020-04-09 14:43:54-0700
